------------------------------------------------------------
TimeQuest Timing Analyzer Summary
------------------------------------------------------------

Type  : Slow 1200mV 85C Model Setup 'ALU_control:ALU_control|ALU_Ctrl_o[2]'
Slack : -17.976
TNS   : -1083.477

Type  : Slow 1200mV 85C Model Setup 'sys_clk'
Slack : -14.664
TNS   : -25983.194

Type  : Slow 1200mV 85C Model Setup 'ID_EX:ID_EX|ALUop_o[0]'
Slack : -6.317
TNS   : -21.798

Type  : Slow 1200mV 85C Model Hold 'ID_EX:ID_EX|ALUop_o[0]'
Slack : -2.984
TNS   : -6.278

Type  : Slow 1200mV 85C Model Hold 'sys_clk'
Slack : 0.294
TNS   : 0.000

Type  : Slow 1200mV 85C Model Hold 'ALU_control:ALU_control|ALU_Ctrl_o[2]'
Slack : 0.297
TNS   : 0.000

Type  : Slow 1200mV 85C Model Recovery 'sys_clk'
Slack : -2.141
TNS   : -553.146

Type  : Slow 1200mV 85C Model Removal 'sys_clk'
Slack : 1.826
TNS   : 0.000

Type  : Slow 1200mV 85C Model Minimum Pulse Width 'sys_clk'
Slack : -3.000
TNS   : -5893.007

Type  : Slow 1200mV 85C Model Minimum Pulse Width 'ALU_control:ALU_control|ALU_Ctrl_o[2]'
Slack : 0.272
TNS   : 0.000

Type  : Slow 1200mV 85C Model Minimum Pulse Width 'ID_EX:ID_EX|ALUop_o[0]'
Slack : 0.330
TNS   : 0.000

Type  : Slow 1200mV 0C Model Setup 'ALU_control:ALU_control|ALU_Ctrl_o[2]'
Slack : -16.603
TNS   : -1007.274

Type  : Slow 1200mV 0C Model Setup 'sys_clk'
Slack : -13.990
TNS   : -24479.412

Type  : Slow 1200mV 0C Model Setup 'ID_EX:ID_EX|ALUop_o[0]'
Slack : -5.999
TNS   : -20.508

Type  : Slow 1200mV 0C Model Hold 'ID_EX:ID_EX|ALUop_o[0]'
Slack : -2.661
TNS   : -5.605

Type  : Slow 1200mV 0C Model Hold 'ALU_control:ALU_control|ALU_Ctrl_o[2]'
Slack : 0.014
TNS   : 0.000

Type  : Slow 1200mV 0C Model Hold 'sys_clk'
Slack : 0.340
TNS   : 0.000

Type  : Slow 1200mV 0C Model Recovery 'sys_clk'
Slack : -1.831
TNS   : -464.730

Type  : Slow 1200mV 0C Model Removal 'sys_clk'
Slack : 1.663
TNS   : 0.000

Type  : Slow 1200mV 0C Model Minimum Pulse Width 'sys_clk'
Slack : -3.000
TNS   : -5893.007

Type  : Slow 1200mV 0C Model Minimum Pulse Width 'ALU_control:ALU_control|ALU_Ctrl_o[2]'
Slack : 0.076
TNS   : 0.000

Type  : Slow 1200mV 0C Model Minimum Pulse Width 'ID_EX:ID_EX|ALUop_o[0]'
Slack : 0.137
TNS   : 0.000

Type  : Fast 1200mV 0C Model Setup 'ALU_control:ALU_control|ALU_Ctrl_o[2]'
Slack : -7.367
TNS   : -434.559

Type  : Fast 1200mV 0C Model Setup 'sys_clk'
Slack : -5.902
TNS   : -9251.619

Type  : Fast 1200mV 0C Model Setup 'ID_EX:ID_EX|ALUop_o[0]'
Slack : -2.459
TNS   : -7.937

Type  : Fast 1200mV 0C Model Hold 'ID_EX:ID_EX|ALUop_o[0]'
Slack : -1.491
TNS   : -3.264

Type  : Fast 1200mV 0C Model Hold 'sys_clk'
Slack : -0.029
TNS   : -0.056

Type  : Fast 1200mV 0C Model Hold 'ALU_control:ALU_control|ALU_Ctrl_o[2]'
Slack : 0.248
TNS   : 0.000

Type  : Fast 1200mV 0C Model Recovery 'sys_clk'
Slack : -0.467
TNS   : -97.364

Type  : Fast 1200mV 0C Model Removal 'sys_clk'
Slack : 0.737
TNS   : 0.000

Type  : Fast 1200mV 0C Model Minimum Pulse Width 'sys_clk'
Slack : -3.000
TNS   : -4280.369

Type  : Fast 1200mV 0C Model Minimum Pulse Width 'ALU_control:ALU_control|ALU_Ctrl_o[2]'
Slack : 0.304
TNS   : 0.000

Type  : Fast 1200mV 0C Model Minimum Pulse Width 'ID_EX:ID_EX|ALUop_o[0]'
Slack : 0.308
TNS   : 0.000

------------------------------------------------------------
